[    0.000000] Initializing cgroup subsys cpuset
[    0.00000] Initalizing cgroup subsys cpu
[    0.000000] Initializing cgroup subsys cpuacct
[    0.000000] Linux version 4.4.0-34-generic ((builddgw01-amd64-03) (gcc version 5.4.0 20160609 (Ubuntu 5.4.0-6ubuntu1~16.04.10) ) #160Ubuntu SMP Wed Aug 15 14:58:00UTC 2018 (Ubuntu 4.4.0-134.160-generic 4.4.140)
[    0.000000] Command line: BOOT_IMAGE=/boot/vmlinuz-4.4.0-14-generic root=LABEL=cloudimg-rootfs ro console=tty1 console=ttyS0
[    0.000000] KENEL supported cps:
[    0.000000]   Intel GenuineIntel
[    0.000000]   AMD AuthnticAMD
[    0.000000]   Centaur CentaurHauls
[    0.000000] x86/fpu: xstate_offset[2]:  576, xstate_sizes[2]:  256
[    0.0000] x86fpu: Supporting XSAVE feature 0x01: 'x87 floating point registers'
[    0.00000] x86/fpu: Supporting XSAVE feature 0x02: 'SSE registers'
[   0.00000] x86/fpu: Supprting XSAVE feature 0x04: 'AVX registers'
[    0.000000] x86/fpu: Enabled xstate features 0x, context size is 832 bytes, using 'standard' format.
[    0.000000] e820: BIOS-provided physical RAM map:
[    .00000] BIO-e820: [mem 0x0000000000000000-0x000000000009fbff] usable
[    0.000000] BIOS-e820: [mem 0x000000000009fc00-0x000000000009ffff] reserved
[    0.000000] BIOS-e820: [mem 0x00000000000f00000x00000000000fffff] reserved
[    0.000000] BIOS-e820: [mem 0x0000000000100000-0x000000003ffeffff] usable
[    0.000000] BIOS-e820: [mem 0x000000003fff0000-0x000000003fffffff] CPI data
[    0.000000] BIOS-e820: [mem 0x00000000fec00000-0x00000000fec00fff] reserved
[    0.000000] BIOS-e820: [mem 0x00000000fee00000-0x00000000fee00fff] reserved
[    0.000000] BIOS-e820: [mem 0x00000000fffc0000-0x00000000ffffffff] reserved
[    0.000000] NX (Execute Disable) protection: active
[    0.000000] SMBIOS 2.5 present.
[    0.000000 Hypervisor detected: KVM
[    0.000000] e820: last_pfn = 0x3fff0 max_arch_pfn = 0x400000000
[    0.000000] MTRR: Disabled[    0.000000] x86/PAT: MTRRs disabled, skipping PAT initialization too.
[    0.000000] CPU MTRRs all blank - virtualized system.
[    0.000000] x86/PAT: Configuration [0-7]: WB  WT  UC- UC  WB  WT  UC- UC  
[    0.000000] found SMP MP-able at [mem 0x009fff0-0x0009ffff] mapped at [ffff88000009fff0]
[    0.000000] Scanning 1areas foor low memory corruption
[    0.000000] RAMDISK: [mem 0x3630c000-0x3717dfff]
[    0.000000] ACPI: Early table checksum verification disabled
[    0.000000] ACPI: RSDP 0x00000000000E0000 000024 (v02 VBOX  )
[    0.000000] ACPI: XSDT 0x000000003FFF0030 00003C (v01 VBOX   VBOXXSDT 00000001 ASL  00000061)
[    0.00000] ACPI: FACP 0x00000000FFF0F0 0000F4 (v04 VBOX   VBOXFACP 00000001 ASL  00000061)
[    0.000000] ACPI: DSDT 0x000000003FFF0470 0021FF (v02 VBOX   VBOXBIOS 00000002 INTL 201005528)
[    0.000000] ACPI: FACS 0x000000003FFF020 000040
[    0.000000] ACPI: FACS 0x000000003FFF0200 00040
[    0.000000] ACPI: APIC0x000000003FFF0240 00005C (v02 VBOX   VBOXAPIC 00000001 ASL  00000061)
[    0.000000] ACPI: SSDT 0x000000003FFF02A0 0001CC (v01 VBOX   VBOXCPUT 00000002 INTL 20100528)
[    0.000000] No NUMA configuration found
[    0.000000] Faking a node at [mem 0x000000000000000-0x000000003ffeffff]
[    .000000] NODE_DATA(0) allocated [mem 0x3ffeb000-0x3ffeffff]
[    0.000000] kvm-clock: Using msrs 4b564d01 and 4b564d00
[    0.000000] kvm-clock: cpu 0, msr 0:3ffe3001, primary cpu clock
[    0.000000] kvm-clock: using sched offset of 3758546711 cycles
[    0.000000] clocksource: kvm-clock: mask: 0xffffffffffffffff max_cycles: 0x1cd42e4dffb, max_idle_ns: 881590591483 ns
[    0.000000] Zone ranges:
[    0.000000]   DMA      [mem 0x0000000000001000-0x0000000000ffffff]
[    0.000000]   DMA32    [mem 0x0000000001000000-0x000000003ffeffff]
[    .000000]   Normal   empy
[    0.000000]   Device   empty
[    0.000000] Movable zone start for each node
[    0.000000] Early memory node ranges
[    0.000000]   node   0: [mem 0x0000000000001000-0x000000000009efff]
[    0.000000]   node   0: [mem 0x0000000000100000-0x000000003ffeffff]
[    0.000000] Initmem setup node 0 [mem 0x0000000000001000-0x000000003ffeffff]
[    0.000000] ACPI: PM-Tmer IO Port: 0x4008
[    0.000000] IOAPIC[0]: apic_id 2, version 32, address 0fec00000, GSI 0-23
[    0.000000] ACPI: INT_SRC_OVR (bus 0 bus_irq 0 global_irq 2 dfl dfl)
[    0.000000] ACPI: INT_RC_OVR (bus 0 bus_irq 9 global_irq 9 low level)
[    0.00000] Using ACPI (MADT) for SMP configuration informatio
[    0.000000] smpboot: Allowing 2 CPUs, 0 hotplug CPUs
[    0.000000] PM: Registered nosave memory: [mem 0x00000000-0x00000fff]
[    0.000000] PM: Registered nosave memy: [mem 0x0009f000-0x0009ffff]
[    0.000000] PM: Registered nosave memory: [mem 0x000a0000-0x000effff]
[    0.000000] PM: Registeed nosae memor: [mem 0x000f0000-0x000fffff]
[    0.000000] e820: [mem 0x40000000-0xfebfffff] available for PCI devices
[    0.000000] Booting paravirtualized kernel on KVM
[    0.000000] clocksource: refined-jiffies: mask: 0xffffffff max_cycles: 0xffffffff, max_idle_ns: 7645519600211568 ns
[    0.000000] setup_percpu NR_CPUS:512 nr_cpumask_bits:512 nr_cpu_ids:2 nr_node_ids:1
[    0.000000] PERCPU: Embedded 34 pages/cpu @ffff88003fc00000 s99544 r8192 d1528 u1048576
[    0.000000] PV qspinlock hash tble entries: 256 (order: 0, 4096 bytes)
[    0.000000] Built 1 zonelists in Node order, mobility grouping on.  Total pages: 257912
[    0.000000] Policy zone: DMA32
[    0.000000] Kernel command line: BOOT_IMAGE=/boot/vmlinuz-4.4.0-134-generic root=LABEL=cloudimg-rootfs ro conole=tty1 console=ttyS0
[    0.000000] PID hash table entries: 4096 (order: 3, 32768 bytes)
[    0.000000] Memory: 997724K/1048120K available (854K kernel code, 1314K rwdata 4004K rodata, 1516K int, 1316K bss, 50396K reserved, 0K cma-reserved)
[    0.000000] SLUB: HWalign=64, Order=0-3, MinObjects=0, CPUs=2, Nodes=1
[    0.000000] Kernel/User page tables isolation: enabled
[    0.000000] Hierarchical RCU implementation.
[    0.000000] 	Bild-time adjustment of leaf fanout to 64.
[    0.0000] 	RCU restriicting CPUs from NR_CPUS512 to nr_cpu_ids=2.
[    0.000000] RCU: Adjusting geometry for rcu_fanout_leaf=64, nr_cpu_ids=2
[    0.000000] NR_IRQS:33024 nr_irqs:440 16
[    0.000000] Console: colour VGA+ 80x25
[    0.000000] console [tty1] enabled
[    0.000000] console [ttyS0] enabled
[    0.000000] tsc: Detected 1799.999 MHz processor
[    1.41876] Calibraing delay loop (skipped) preset value.. 3599.99 BogoMIPS (lpj=7199996)
[     1.441158] pid_max: default: 32768 minimum: 301
[    1.466813] ACPI: Core revision 20150930
[    1.475261] ACPI: 2 ACPI AML tables successfully acquired and loaded
[    1.482721] Security Framework initialized
[    1.486732] Yama: becoming mindful.
[    1.490988] AppArmor: AppArmor initialized
[    1.492653] Dentry cache hash table entries: 131072 (order: 8, 1048576 bytes)
[    1.497359] Inode-cache hash table entries: 65536 (order: 7, 524288 bytes)
[    1.504378] Mount-cache hash table entries: 2048 (order: 2, 16384 bytes)
[    1.514731] Mountpoint-cache hash table entries: 2048 (order: 2, 16384 bytes)
[    1.519945] Initializing cgroup subsys io
[    1.521796] Initializing cgroup subsys memory
[    1.523603] Initializing cgroup subsys devices
[    1.526065] Initializing cgroup subsys freezer
[    1.528173] Initializing cgroup subsys net_cls
[    1.530379] Initializing cgroup subsys perf_event
[    1.534958] Initializing cgroup subsys net_prio
[    1.543103] Initializing cgroup subsys hugetlb
[    1.547535] Initializing cgroup subsys pids
[    1.550386] mce: CPU supports 0 MCE banks
[    1.552234] Last level iTLB entries: 4KB 64, 2MB 8, 4MB 8
[    1.555501] Last level dTLB entries: 4KB 64, 2MB 0, 4MB 0, 1GB 4
[    1.563402] Spectre V2 : Mitigation: Full generic retpoline
[    1.565759] Spectre V2 : Speculation control IBPB not-supported IBRS not-supported
[    1.574330] Speculative Store Bypass: Vulnerable
[    1.585211] Freeing SMP alternatives memory: 32K
[    1.596246] ftrace: allocating 32266 entries in 127 pages
[    1.660701] smpboot: APIC(0) Converting physical 0 to logical package 0
[    1.674577] smpboot: Max logical packages: 1
[    1.683108] x2apic enabled
[    1.684492] Switched APIC routing to physical x2apic.
[    1.687966] ..TIMER: vector=0x30 apic1=0 pin1=2 apic2=-1 pin2=-1
[    1.797239] smpboot: CPU0: Intel(R) Core(TM) i5-5350U CPU @ 1.80GHz (family: 0x6, model: 0x3d, stepping: 0x4)
[    1.806588] Performance Events: unsupported p6 CPU model 61 no PMU driver, software events only.
[    1.811717] KVM setup paravirtual spinlock
[    1.814168] x86: Booting SMP configuration:
[    1.823064] .... node  #0, CPUs:      #1
[    1.824977] kvm-clock: cpu 1, msr 0:3ffe3041, secondary cpu clock
[    1.828589] mce: CPU supports 0 MCE banks
[    1.831966] x86: Booted up 1 node, 2 CPUs
[    1.837739] smpboot: Total of 2 processors activated (7199.99 BogoMIPS)
[    1.840627] devtmpfs: initialized
[    1.846348] evm: security.selinux
[    1.848160] evm: security.SMACK64
[    1.850699] evm: security.SMACK64EXEC
[    1.856877] evm: security.SMACK64TRANSMUTE
[    1.862671] evm: security.SMACK64MMAP
[    1.865397] evm: security.ima
[    1.869291] evm: security.capability
[    1.872157] clocksource: jiffies: mask: 0xffffffff max_cycles: 0xffffffff, max_idle_ns: 7645041785100000 ns
[    1.876980] futex hash table entries: 512 (order: 3, 32768 bytes)
[    1.889575] pinctrl core: initialized pinctrl subsystem
[    1.897599] RTC time:  8:26:22, date: 09/28/18
[    1.901155] NET: Registered protocol family 16
[    1.915021] cpuidle: using governor ladder
[    1.930605] cpuidle: using governor menu
[    1.940809] PCCT header not found.
[    1.944053] ACPI: bus type PCI registered
[    1.945585] acpiphp: ACPI Hot Plug PCI Controller Driver version: 0.5
[    1.951527] PCI: Using configuration type 1 for base access
[    1.971575] ACPI: Added _OSI(Module Device)
[    1.973104] ACPI: Added _OSI(Processor Device)
[    1.976126] ACPI: Added _OSI(3.0 _SCP Extensions)
[    1.978294] ACPI: Added _OSI(Processor Aggregator Device)
[    1.981520] ACPI: Executed 1 blocks of module-level executable AML code
[    1.986083] ACPI: Interpreter enabled
[    1.987439] ACPI: (supports S0 S5)
[    2.002802] ACPI: Using IOAPIC for interrupt routing
[    2.005799] PCI: Using host bridge windows from ACPI; if necessary, use "pci=nocrs" and report a bug
[    2.025447] ACPI: PCI Root Bridge [PCI0] (domain 0000 [bus 00-ff])
[    2.035039] acpi PNP0A03:00: _OSC: OS supports [ASPM ClockPM Segments MSI]
[    2.047024] acpi PNP0A03:00: _OSC: not requesting OS control; OS requires [ExtendedConfig ASPM ClockPM MSI]
[    2.062213] acpi PNP0A03:00: fail to add MMCONFIG information, can't access extended PCI configuration space under this bridge.
[    2.073644] PCI host bridge to bus 0000:00
[    2.085021] pci_bus 0000:00: root bus resource [io  0x0000-0x0cf7 window]
[    2.090630] pci_bus 0000:00: root bus resource [io  0x0d00-0xffff window]
[    2.095814] pci_bus 0000:00: root bus resource [mem 0x000a0000-0x000bffff window]
[    2.109059] pci_bus 0000:00: root bus resource [mem 0x40000000-0xfdffffff window]
[    2.112526] pci_bus 0000:00: root bus resource [bus 00-ff]
[    2.120114] pci 0000:00:01.1: legacy IDE quirk: reg 0x10: [io  0x01f0-0x01f7]
[    2.126618] pci 0000:00:01.1: legacy IDE quirk: reg 0x14: [io  0x03f6]
[    2.131720] pci 0000:00:01.1: legacy IDE quirk: reg 0x18: [io  0x0170-0x0177]
[    2.141633] pci 0000:00:01.1: legacy IDE quirk: reg 0x1c: [io  0x0376]
[    2.168655] pci 0000:00:07.0: quirk: [io  0x4000-0x403f] claimed by PIIX4 ACPI
[    2.185725] pci 0000:00:07.0: quirk: [io  0x4100-0x410f] claimed by PIIX4 SMB
[    2.213024] ACPI: PCI Interrupt Link [LNKA] (IRQs 5 9 10 *11)
[    2.217714] ACPI: PCI Interrupt Link [LNKB] (IRQs 5 9 *10 11)
[    2.221119] ACPI: PCI Interrupt Link [LNKC] (IRQs 5 *9 10 11)
[    2.227823] ACPI: PCI Interrupt Link [LNKD] (IRQs 5 9 10 *11)
[    2.231280] ACPI: Enabled 2 GPEs in block 00 to 07
[    2.235701] vgaarb: setting as boot device: PCI:0000:00:02.0
[    2.241033] vgaarb: device added: PCI:0000:00:02.0,decodes=io+mem,owns=io+mem,locks=none
[    2.248803] vgaarb: loaded
[    2.250056] vgaarb: bridge control possible 0000:00:02.0
[    2.253732] SCSI subsystem initialized
[    2.255558] ACPI: bus type USB registered
[    2.262499] usbcore: registered new interface driver usbfs
[    2.265699] usbcore: registered new interface driver hub
[    2.268831] usbcore: registered new device driver usb
[    2.280207] PCI: Using ACPI for IRQ routing
[    2.283767] NetLabel: Initializing
[    2.288523] NetLabel:  domain hash size = 128
[    2.290035] NetLabel:  protocols = UNLABELED CIPSOv4
[    2.297334] NetLabel:  unlabeled traffic allowed by default
[    2.303092] amd_nb: Cannot enumerate AMD northbridges
[    2.306867] clocksource: Switched to clocksource kvm-clock
[    2.320471] AppArmor: AppArmor Filesystem Enabled
[    2.322200] pnp: PnP ACPI init
[    2.325906] pnp: PnP ACPI: found 3 devices
[    2.341991] clocksource: acpi_pm: mak: 0xffffff max_cycles: 0xffffff, max_idle_n: 208501024 ns
[    2.417680] NET: Registered protocol family 2

[    2.419946] TCP established hash table entries: 8192 (order: 4, 65536 bytes)
[    2.424048] TCP bind hash table entries: 8192 (order: 5, 131072 bytes)
[    2.428102] TCP: Hash tables configured (etablished 892 bid 8192)
[    2.503356] UDP hash table entries: 512 (order: 2, 1684 btes)[    2.80889] UDP-Lite hash table entries: 512 (order: 2, 16384 bytes)
[    2.632477] NET: Registered protocol family 1
[    .634119] pci 0000:00:00.0: Limiting direct PCI/PCI transfers
[    .661084] pci 0000:00:01.0: ActivatingISA DMA hang workarounds
[    2.713869] Unpacking initramfs...

[    2.957222] Freeing initrd memory: 14792K
[    2.968926] RAPL PMU detected, API unit is 2^-32 Joules, 4 fixed counters 10737418240 ms ovfl timer
[    2.972959] hw unit of domain pp0-core 2^-0 Joules
[    2.974952] hw unit of domain package 2^-0 Joules
[    2.977074] hw unit of domain dram 2^-0 Joules
[    2.997686] hw unit of domain pp1-gpu 2^-0 Joules
[    3.006950] platform rtc_cmos: registered platform RTC device (no PNP device found)
[    3.019228] Scanning for low memory corruption every 60 seconds
[    3.022134] audit: initializing netlink subsys (disabled)
[    3.025794] audit: type=2000 audit(1538123187.143:1): initialized
[    3.029681] Initialise system trusted keyring
[    3.031610] HugeTLB registered 2 MB page size, pre-allocated 0 pages
[    3.034890] zbud: loaded
[    3.043023] VFS: Disk quotas dquot_6.6.0
[    3.049915] VFS: Dquot-cache hash table entries: 512 (order 0, 4096 bytes)
[    3.061006] squashfs: version 4.0 (2009/01/31) Phillip Lougher
[    3.066042] fuse init (API version 7.23)
[    3.067885] Key type big_key registered
[    3.069264] Allocating IMA MOK and blacklist keyrings.
[    3.081775] Key type asymmetric registered
[    3.088062] Asymmetric key parser 'x509' registered
[    3.095731] Block layer SCSI generic (bsg) driver version 0.4 loaded (major 249)
[    3.098737] io scheduler noop registered
[    3.108552] io scheduler deadline registered (default)
[    3.111070] io scheduler cfq registered
[    3.113354] pci_hotplug: PCI Hot Plug PCI Core version: 0.5
[    3.115900] pciehp: PCI Express Hot Plug Controller Driver version: 0.4
[    3.118922] ACPI: AC Adapter [AC] (off-line)
[    3.120829] input: Power Button as /devices/LNXSYSTM:00/LNXPWRBN:00/input/input0
[    3.124006] ACPI: Power Button [PWRF]
[    3.125715] input: Sleep Button as /devices/LNXSYSTM:00/LNXSLPBN:00/input/input1
[    3.129365] ACPI: Sleep Button [SLPF]
[    3.131348] GHES: HEST is not enabled!
[    3.134373] ACPI: Battery Slot [BAT0] (battery present)
[    3.139711] Serial: 8250/16550 driver, 32 ports, IRQ sharing enabled
[    3.182672] 00:02: ttyS0 at I/O 0x3f8 (irq = 4, base_baud = 115200) is a 16550A
[    3.195638] Linux agpgart interface v0.103
[    3.208620] loop: module loaded
[    3.212552] scsi host0: ata_piix
[    3.224707] scsi host1: ata_piix
[    3.230491] ata1: PATA max UDMA/33 cmd 0x1f0 ctl 0x3f6 bmdma 0xd000 irq 14
[    3.234350] ata2: PATA max UDMA/33 cmd 0x170 ctl 0x376 bmdma 0xd008 irq 15
[    3.240506] libphy: Fixed MDIO Bus: probed
[    3.245244] tun: Universal TUN/TAP device driver, 1.6
[    3.260799] tun: (C) 1999-2004 Max Krasnyansky <maxk@qualcomm.com>
[    3.266100] PPP generic driver version 2.4.2
[    3.278312] ehci_hcd: USB 2.0 'Enhanced' Host Controller (EHCI) Driver
[    3.294518] ehci-pci: EHCI PCI platform driver
[    3.297895] ehci-platform: EHCI generic platform driver
[    3.299763] ohci_hcd: USB 1.1 'Open' Host Controller (OHCI) Driver
[    3.303538] ohci-pci: OHCI PCI platform driver
[    3.308380] ohci-platform: OHCI generic platform driver
[    3.312514] uhci_hcd: USB Universal Host Controller Interface driver
[    3.317900] i8042: PNP: PS/2 Controller [PNP0303:PS2K,PNP0f03:PS2M] at 0x60,0x64 irq 1,12
[    3.326848] serio: i8042 KBD port at 0x60,0x64 irq 1
[    3.336079] serio: i8042 AUX port at 0x60,0x64 irq 12
[    3.341009] mousedev: PS/2 mouse device common for all mice
[    3.347836] input: AT Translated Set 2 keyboard as /devices/platform/i8042/serio0/input/input2
[    3.351862] rtc_cmos rtc_cmos: rtc core: registered rtc_cmos as rc0
[    3.381802] rtc_cmos rtc_cmos: alarms up to one day, 114 bytes nvram
[    3.396606] i2c /dev entries driver
[    3.400410] devce-mapper: uevent: version 1.0.3

[    3.427013] device-mapper: ioctl: 4.34.0-ioctl (2015-10-28) initialised: dm-devel@redhat.com
[    3.432694] ledtrig-cpu: registered to indicate activity on CPUs
[    3.438177] NET: Registered protocol family 10
[    3.444984] NET: Registered protocol family 17
[    3.446858] Key type dns_resolver registered
[    3.457360] registered taskstats version 1
[    3.461233] Loading compiled-in X.509 certificates
[    3.469808] Loaded X.509 cert 'Build time autogenerated kernel key: 4eb3d024ac16f76c1747ffd474694c84db21038b'
[    3.474424] zswap: loaded using pool zo/zbud

[    3.504698] Key type trusted registered
[    3.509735] Key type encrypted registered
[    3.512357] AppArmor: AppArmor sha1 policy hashing enabled
[    3.528156] ima: No TPM chip found, activating TPM-bypass!
[    3.540542] ima: Allocated hash algorithm: sha1
[    3.542452] evm: HMAC attrs: 0x1
[    3.545037]   Magic number: 2:345:423
[    3.548321] rtc_cmos rtc_cmos: setting system clock to 2018-09-28 08:26:24 UTC (1538123184)
[    3.564550] BIOS EDD facility v0.16 2004-Jun-25, 0 devces found
[    3592891] EDD information not available.

[    3.619872] Freeing unused kernel memory: 1516K
[    3.647158] Write protecting the kernel read-only data: 14336k
[    3.651215] Freeing unused kernel memory: 1672K
[    3.656988] Freeing unused kernel memory: 92K
Loading, please wait...
starting version[    3.678273] random: systemd-udevd: uninitialized urandom read (16 bytes read, 5 bits of entropy available)
 229
[    3.678569] random: udevadm: uninitialized urandom read (16 bytes read, 5 bits of entropy available)
[    3.678588] random: udevadm: uninitialized urandom read (16 bytes read, 5 bits of entropy available)
[    3.686765] random: udevadm: uninitialized urandom read (16 bytes read, 5 bits of entropy available)
[    3.686815] random: udevadm: uninitialized urandom read (16 bytes read, 5 bits of entropy available)
[    3.687029] random: udevadm: uninitialized urandom read (16 bytes read, 5 bits of entropy available)
[    3.687083] random: udevadm: uninitialized urandom read (16 bytes read, 5 bits of entropy available)
[    3.687131] random: udevadm: uninitialized urandom read (16 bytes read, 5 bits of entropy available)
[    3.687181] random: udevadm: uninitialized urandom read (16 bytes read, 5 bits of entropy available)
[    3.687262] random: udevadm: uninitialized urandom read (16 bytes read, 5 bits of entropy available)
[    3.788478] Fusion MPT base driver 3.04.20
[    3.790257] Copyright (c) 1999-2008 LSI Corporation
[    3.792804] e1000: Intel(R) PRO/1000 Network Driver - version 7.3.21-k8-NAPI
[    3.795788] e1000: Copyright (c) 1999-2006 Intel Corporation.
[    3.810543] AVX2 version of gcm_enc/dec engaged.
[    3.812581] AES CTR mode by8 optimization enabled
[    3.835754] Fusion MPT SPI Host driver 3.04.20
[    4.003443] tsc: Refined TSC clocksource calibration: 1800.278 MHz
[    4.005436] clocksource: tsc: mask: 0xffffffffffffffff max_cycles: 0x19f33055624, max_idle_ns: 440795294053 ns
[    4.010655] input: ImExPS/2 Generic Explorer Mouse as /devices/platform/i8042/serio1/input/input4
[    4.258217] e1000 0000:00:03.0 eth0: (PCI:33MHz:32-bit) 02:1d:76:b3:3c:fe
[    4.260709] e1000 0000:00:03.0 eth0: Intel(R) PRO/1000 Network Connection
[    4.264508] mptbase: ioc0: Initiating bringup
[    4.327326] ioc0: LSI53C1030 A0: Capabilities={Initiator}
[    4.496823] scsi host2: ioc0: LSI53C1030 A0, FwRev=00000000h, Ports=1, MaxQ=256, IRQ=20
[    4.627593] scsi 2:0:0:0: Direct-Access     VBOX     HARDDISK         1.0  PQ: 0 ANSI: 5
[    4.631627] scsi target2:0:0: Beginning Domain Validation
[    4.638597] scsi target2:0:0: Domain Validation skipping write tests
[    4.640573] scsi target2:0:0: Ending Domain Validation
[    4.642197] scsi target2:0:0: asynchronous
[    4.644139] scsi 2:0:1:0: Direct-Access     VBOX     HARDDISK         1.0  PQ: 0 ANSI: 5
[    4.656635] scsi target2:0:1: Beginning Domain Validation
[    4.668067] scsi target2:0:1: Domain Validation skipping write tests
[    4.670630] scsi target2:0:1: Ending Domain Validation
[    4.672885] scsi target2:0:1: asynchronous
[    4.695974] sd 2:0:0:0: Attached scsi generic sg0 type 0
[    4.698280] sd 2:0:0:0: [sda] 20971520 512-byte logical blocks: (10.7 GB/10.0 GiB)
[    4.701290] sd 2:0:1:0: [sdb] 20480 512-byte logical blocks: (10.5 MB/10.0 MiB)
[    4.704099] sd 2:0:1:0: Attached scsi generic sg1 type 0
[    4.706170] sd 2:0:0:0: [sda] Write Protect is off
[    4.707959] sd 2:0:1:0: [sdb] Write Protect is off
[    4.709983] sd 2:0:0:0: [sda] Incomplete mode parameter data
[    4.712363] sd 2:0:0:0: [sda] Assuming drive cache: write through
[    4.714894] sd 2:0:1:0: [sdb] Incomplete mode parameter data
[    4.717366] sd 2:0:1:0: [sdb] Assuming drive cache: write through
[    4.723626]  sda: sda1
[    4.725757] sd 2:0:0:0: [sda] Attached SCSI disk
[    4.728598] sd 2:0:1:0: [sdb] Attached SCSI disk
[    5.080091] e1000 0000:00:08.0 eth1: (PCI:33MHz:32-bit) 08:00:27:ec:be:2e
[    5.082620] e1000 0000:00:08.0 eth1: Intel(R) PRO/1000 Network Connection
[    5.096548] e1000 0000:00:03.0 enp0s3: renamed from eth0
[    5.139941] e1000 0000:00:08.0 enp0s8: renamed from eth1
Begin: Loading essential drivers ... [    6.497626] md: linear personality registered for level -1
[    6.510228] md: multipath personality registered for level -4
[    6.516326] md: raid0 personality registered for level 0
[    6.522450] md: raid1 personality registered for level 1
[    6.595046] raid6: sse2x1   gen()  3702 MB/s
[    6.662961] raid6: sse2x1   xor()  4542 MB/s
[    6.735994] raid6: sse2x2   gen() 10842 MB/s
[    6.810962] raid6: sse2x2   xor()  6958 MB/s
[    6.886936] raid6: sse2x4   gen() 12221 MB/s
[    6.959223] raid6: sse2x4   xor()  8681 MB/s
[    7.027036] raid6: avx2x1   gen() 16995 MB/s
[    7.098952] raid6: avx2x2   gen() 19380 MB/s
[    7.176140] raid6: avx2x4   gen() 23972 MB/s
[    7.180031] raid6: using algorithm avx2x4 gen() 23972 MB/s
[    7.195638] raid6: using avx2x2 recovery algorithm
[    7.200266] xor: automatically using best checksumming function:
[    7.238929]    avx       : 24537.000 MB/sec
[    7.248713] async_tx: api initialized (async)
[    7.258038] md: raid6 personality registered for level 6
[    7.260435] md: raid5 personality registered for level 5
[    7.275878] md: raid4 personality registered for level 4
[    7.284487] md: raid10 personality registered for level 10
done.
Begin: Running /scripts/init-premount ... done.
Begin: Mounting root file system ... Begin: Running /scripts/local-top ... done.
Begin: Running /scripts/local-premount ... [    7.323523] Btrfs loaded
Scanning for Btrfs filesystems
done.
Warning: fsck not present, so skipping root file system
[    7.389166] EXT4-fs (sda1): mounted filesystem with ordered data mode. Opts: (null)
done.
Begin: Running /scripts/local-bottom ... done.
Begin: Running /scripts/init-bottom ... done.
[    7.499398] systemd[1]: systemd 229 running in system mode. (+PAM +AUDIT +SELINUX +IMA +APPARMOR +SMACK +SYSVINIT +UTMP +LIBCRYPTSETUP +GCRYPT +GNUTLS +ACL +XZ -LZ4 +SECCOMP +BLKID +ELFUTILS +KMOD -IDN)
[    7.539899] systemd[1]: Detected virtualization oracle.
[    7.555885] systemd[1]: Detected architecture x86-64.

Welcome to [1mUbuntu 16.04.5 LTS[0m!

[    7.576657] systemd[1]: Set hostname to <ubuntu>.
[    7.589860] systemd[1]: Initializing machine ID from random generator.
[    7.594134] systemd[1]: Installed transient /etc/machine-id file.
[    7.831169] systemd[1]: Listening on Syslog Socket.
[[0;32m  OK  [0m] Listening on Syslog Socket.
[    7.861025] systemd[1]: Reached target Encrypted Volumes.
[[0;32m  OK  [0m] Reached target Encrypted Volumes.
[    7.868342] systemd[1]: Reached target Swap.
[[0;32m  OK  [0m] Reached target Swap.
[    7.874329] systemd[1]: Listening on udev Control Socket.
[[0;32m  OK  [0m] Listening on udev Control Socket.
[    7.880784] systemd[1]: Created slice User and Session Slice.
[[0;32m  OK  [0m] Created slice User and Session Slice.
[    7.887606] systemd[1]: Started Trigger resolvconf update for networkd DNS.
[[0;32m  OK  [0m] Started Trigger resolvconf update for networkd DNS.
[    7.893901] systemd[1]: Listening on LVM2 metadata daemon socket.
[[0;32m  OK  [0m] Listening on LVM2 metadata daemon socket.
[    7.900079] systemd[1]: Listening on Device-mapper event daemon FIFOs.
[[0;32m  OK  [0m] Listening on Device-mapper event daemon FIFOs.
[    7.919678] systemd[1]: Started Forward Password Requests to Wall Directory Watch.
[[0;32m  OK  [0m] Started Forward Password Requests to Wall Directory Watch.
[    7.927038] systemd[1]: Created slice System Slice.
[[0;32m  OK  [0m] Created slice System Slice.
[    7.934028] systemd[1]: Reached target Slices.
[[0;32m  OK  [0m] Reached target Slices.
[    7.943709] systemd[1]: Created slice system-serial\x2dgetty.slice.
[[0;32m  OK  [0m] Created slice system-serial\x2dgetty.slice.
[    7.950942] systemd[1]: Set up automount Arbitrary Executable File Formats File System Automount Point.
[[0;32m  OK  [0m] Set up automount Arbitrary Executab...ats File System Automount Point.
[    7.958375] systemd[1]: Reached target System Time Synchronized.
[[0;32m  OK  [0m] Reached target System Time Synchronized.
[    7.964079] systemd[1]: Listening on Journal Socket (/dev/log).
[[0;32m  OK  [0m] Listening on Journal Socket (/dev/log).
[    7.970517] systemd[1]: Listening on LVM2 poll daemon socket.
[[0;32m  OK  [0m] Listening on LVM2 poll daemon socket.
[    7.976265] systemd[1]: Listening on udev Kernel Socket.
[[0;32m  OK  [0m] Listening on udev Kernel Socket.
[    7.989757] systemd[1]: Listening on /dev/initctl Compatibility Named Pipe.
[[0;32m  OK  [0m] Listening on /dev/initctl Compatibility Named Pipe.
[    7.998642] systemd[1]: Listening on Journal Socket.
[[0;32m  OK  [0m] Listening on Journal Socket.
[    8.047548] systemd[1]: Mounting Debug File System...
         Mounting Debug File System...
[    8.078597] systemd[1]: Starting Load Kernel Modules...
         Starting Load Ke[    8.090323] Loading iSCSI transport class v2.0-870.
rnel Modules...
[    8.160003] iscsi: registered transport (tcp)
[    8.175199] systemd[1]: Starting Create list of required static device nodes for the current kernel...
         Starting Create list of required st... nodes for the current kernel...
[    8.191081] systemd[1]: Starting Monitoring of LVM2 mirrors, snapshots etc. using dmeventd or progress polling...
         Starting Monitoring of LVM2 mirrors... dmeventd or progress polling...
[    8.202872] systemd[1]: Starting Nameserver information manager...
         Starting Nameser[    8.213779] iscsi: registered transport (iser)
ver information manager...
[    8.238837] systemd[1]: Starting Remount Root and Kernel File Systems...
[    8.250712] rndom: nonblocking pool s initialized

         Starting Remount Root and Kernel File Systems...
[    8.309923] EXT4-fs (sda1): re-mounted. Opts: (null)
[    8.318076] systemd[1]: Reached target User and Group Name Lookups.
[[0;32m  OK  [0m] Reached target User and Group Name Lookups.
[    8.329738] systemd[1]: Listening on Journal Audit Socket.
[[0;32m  OK  [0m] Listening on Journal Audit Socket.
[    8.341469] systemd[1]: Starting Journal Service...
         Starting Journal Service...
[    8.367238] systemd[1]: Starting Uncomplicated firewall...
         Starting Uncomplicated firewall...
[    8.379742] systemd[1]: Mounting Huge Pages File System...
         Mounting Huge Pages File System...
[    8.384880] systemd[1]: Starting Set console keymap...
         Starting Set console keymap...
[    8.392688] systemd[1]: Mounting POSIX Message Queue File System...
         Mounting POSIX Message Queue File System...
[    8.399790] systemd[1]: Mounted Debug File System.
[[0;32m  OK  [0m] Mounted Debug File System.
[    8.404905] systemd[1]: Mounted Huge Pages File System.
[[0;32m  OK  [0m] Mounted Huge Pages File System.
[    8.410667] systemd[1]: Mounted POSIX Message Queue File System.
[[0;32m  OK  [0m] Mounted POSIX Message Queue File System.
[    8.414871] systemd[1]: Started Journal Service.
[[0;32m  OK  [0m] Started Journal Service.
[[0;32m  OK  [0m] Started Load Kernel Modules.
[[0;32m  OK  [0m] Started Create list of required sta...ce nodes for the current kernel.
[[0;32m  OK  [0m] Started Remount Root and Kernel File Systems.
[[0;32m  OK  [0m] Started Uncomplicated firewall.
[[0;32m  OK  [0m] Started Set console keymap.
[[0;32m  OK  [0m] Started Nameserver information manager.
[[0;32m  OK  [0m] Started LVM2 metadata daemon.
         Starting udev Coldplug all Devices...
         Starting Load/Save Random Seed...
         Starting Create Static Device Nodes in /dev...
         Starting Apply Kernel Variables...
         Mounting FUSE Control File System...
         Starting Flush Journal to Persistent Storage...
[[0;32m  OK  [0m] Mounted FUSE Control File System.
[[0;32m  OK  [0m] Started Load/Save Random Seed.
[[0;32m  OK  [0m] Started Monitoring of LVM2 mirrors,...ng dmeventd or progress polling.
[[0;32m  OK  [0m] Started Create Static Device Nodes in /dev.
[[0;32m  OK  [0m] Started Apply Kernel Variables.
[[0;32m  OK  [0m] Started udev Coldplug all Devices.
[[0;32m  OK  [0m] Started Flush Journal to Persistent Storage.
         Starting udev Kernel Device Manager...
[[0;32m  OK  [0m] Started udev Kernel Device Manager.
[[0;32m  OK  [0m] Reached target Local File Systems (Pre).
[[0;32m  OK  [0m] Reached target Local File Systems.
         Starting Tell Plymouth To Write Out Runtime Data...
         Starting Set console font and keymap...
         Starting Commit a transient machine-id on disk...
         Starting LSB: AppArmor initialization...
         Starting Initial cloud-init job (pre-networking)...
         Starting Create Volatile Files and Directories...
[[0;32m  OK  [0m] Started Dispatch Password Requests to Console Directory Watch.
[[0;32m  OK  [0m] Started Tell Plymouth To Write Out Runtime Data.
[[0;32m  OK  [0m] Started Commit a transient machine-id on disk.
[[0;32m  OK  [0m] Started Create Volatile Files and Directories.
         Starting Update UTMP about System Boot/Shutdown...
[[0;32m  OK  [0m] Started Update UTMP about System Boot/Shutdown.
[[0;32m  OK  [0m] Found device /dev/ttyS0.
[[0;32m  OK  [0m] Listening on Load/Save RF Kill Switch Status /dev/rfkill Watch.
[[0;32m  OK  [0m] Started LSB: AppArmor initialization.
[    8.862235] cloud-init[493]: Cloud-init v. 18.3-9-g2e62cb8a-0ubuntu1~16.04.2 running 'init-local' at Fri, 28 Sep 2018 08:26:31 +0000. Up 8.38 seconds.
[[0;32m  OK  [0m] Started Initial cloud-init job (pre-networking).
[[0;32m  OK  [0m] Reached target Network (Pre).
         Starting Raise network interfaces...
[[0;32m  OK  [0m] Started Set console font and keymap.
[[0;32m  OK  [0m] Created slice system-getty.slice.
[[0;32m  OK  [0m] Started Raise network interfaces.
[[0;32m  OK  [0m] Reached target Network.
         Starting Initial cloud-init job (metadata service crawler)...
[   10.543577] cloud-init[938]: Cloud-init v. 18.3-9-g2e62cb8a-0ubuntu1~16.04.2 running 'init' at Fri, 28 Sep 2018 08:26:32 +0000. Up 9.78 seconds.
[   10.567908] cloud-init[938]: ci-info: ++++++++++++++++++++++++++++++++++++++Net device info+++++++++++++++++++++++++++++++++++++++
[   10.587654] cloud-init[938]: ci-info: +--------+-------+----------------------------+---------------+--------+-------------------+
[   10.624740] cloud-init[938]: ci-info: | Device |   Up  |          Address           |      Mask     | Scope  |     Hw-Address    |
[   10.648507] cloud-init[938]: ci-info: +--------+-------+----------------------------+---------------+--------+-------------------+
[   10.651475] cloud-init[938]: ci-info: | enp0s3 |  True |         10.0.2.15          | 255.255.255.0 | global | 02:1d:76:b3:3c:fe |
[   10.651650] cloud-init[938]: ci-info: | enp0s3 |  True | fe80::1d:76ff:feb3:3cfe/64 |       .       |  link  | 02:1d:76:b3:3c:fe |
[   10.653286] cloud-init[938]: ci-info: | enp0s8 | False |             .              |       .       |   .    | 08:00:27:ec:be:2e |
[   10.653457] cloud-init[938]: ci-info: |   lo   |  True |         127.0.0.1          |   255.0.0.0   |  host  |         .         |
[[0;32m  OK  [0m] Started Initial cloud-init job (metadata service crawler).
[   10.653612] cloud-init[938]: ci-info: |   lo   |  True |          ::1/128           |       .       |  host  |         .         |
[   10.842503] cloud-init[938]: ci-info: +--------+-------+----------------------------+---------------+--------+-------------------+
[   10.859531] cloud-init[938]: ci-info: +++++++++++++++++++++++++++Route IPv4 info++++++++++++++++++++++++++++
[   10.860210] cloud-init[938]: ci-info: +-------+-------------+----------+---------------+-----------+-------+
[[0;32m  OK  [0m] Reached target Network is Online.
[   10.860791] cloud-init[938]: ci-info: | Route | Destination | Gateway  |    Genmask    | Interface | Flags |
[   10.922874] cloud-init[938]: ci-info: +-------+-------------+----------+---------------+-----------+-------+
[   10.935544] cloud-init[938]: ci-info: |   0   |   0.0.0.0   | 10.0.2.2 |    0.0.0.0    |   enp0s3  |   UG  |
         Starting iSCSI initiator daemon (iscsid)...
[[0;32m  OK  [0m] Reached target Cloud-config availability.
[   10.950528] cloud-init[938]: ci-info: |   1   |   10.0.2.0  | 0.0.0.0  | 255.255.255.0 |   enp0s3  |   U   |
[   10.972501] [cloud-init[0;32m  OK  [0m[938]: ] ci-info: +-------+-------------+----------+---------------+-----------+-------+Reached target System Initialization.

[[0;32m  OK  [0m] Started ACPI Events Check.
[[0;32m  OK  [0m] Reached target Paths.
[[0;32m  OK  [0m] Started Daily Cleanup of Temporary Directories.
[   10.975081] cloud-init[938]: ci-info: +++++++++++++++++++Route IPv6 info+++++++++++++++++++
[[0;32m  OK  [0m] Listening on ACPID Listen Socket.
[   11.048019] [[0;32m  OK  [0m] Listening on UUID daemon activation socket.
cloud-init         Starting LXD - unix socket.
[[0;32m  OK  [0m] Started Daily apt download activities.
[[0;32m  OK  [0m] Started Daily apt upgrade and clean activities.
[938]: ci-info: +-------+-------------+---------+-----------+-------+
[   11.125325] cloud-init[938]: ci-info: | Route | Destination | Gateway | Interface | Flags |
[   11.177022] cloud-init[938]: ci-info: +-------+-------------+---------+-----------+-------+
[   11.220849] cloud-init[938]: ci-info: |   0   |  fe80::/64  |    ::   |   enp0s3  |   U   |
[[0;32m  OK  [0m] Reached target Timers.
         Starting Socket activation for snappy daemon.
[[0;32m  OK  [0m] Listening on D-Bus System Message Bus Socket.
[   11.249744] cloud-init[938]: ci-info: |   3   |   ff00::/8  |    ::   |   enp0s3  |   U   |
[   11.319614] [[0;32m  OK  [0m] Listening on LXD - unix socket.
[[0;32m  OK  [0m] Listening on Socket activation for snappy daemon.
cloud-init[938]: ci-info: +-------+-------------+---------+-----------+-------+
[   11.333478] [[0;32m  OK  [0m] Started iSCSI initiator daemon (iscsid).
cloud-init[938]: Generating public/private rsa key pair.
[   11.347115] cloud-init[938]: Your identification has been saved in /etc/ssh/ssh_host_rsa_key.
[   11.356484] cloud-init[938]: Your public key has been saved in /etc/ssh/ssh_host_rsa_key.pub.
         Starting Login to default iSCSI targets...
[   11.375664] cloud-init[938]: The key fingerprint is:
[   11.385617] cloud-init[938]: SHA256:/BD8qLIbkX96CWK2amDIOli3oaAQkOqqkmNwZPCObzA root@ubuntu-xenial
[   11.386521] cloud-init[938]: The key's randomart image is:
[[0;32m  OK  [0m] Reached target Sockets.
[   11.392394] cloud-init[938]: +---[RSA 2048]----+
[[0;32m  OK  [0m] Reached target Basic System.
[   11.403537] cloud-init[938]: | .               |
[   11.421098] cloud-init[938]: |+      .         |
[[0;32m  OK  [0m] Started FUSE filesystem for LXC.
[   11.427884] cloud-init[938]: |oo      o        |
[   11.455196] cloud-init[938]: |o +  . . +       |
[   11.455958] cloud-init[938]: |+*  o   S .      |
[   11.458432] cloud-init[938]: |E++ *o.. o       |
         Starting System Logging Service...
[   11.459360] cloud-init[938]: |OX =o=o....      |
[   11.485298] cloud-init[938]: |X.= o+ oo        |
[   11.492321] cloud-init[938]: |==..o...         |
[   11.499983] cloud-init[938]: +----[SHA256]-----+
[   11.506573] cloud-init[938]: Generating public/private dsa key pair.
[   11.514792] cloud-init[938]: Your identification has been saved in /etc/ssh/ssh_host_dsa_key.
[   11.524366] cloud-init[938]: Your public key has been saved in /etc/ssh/ssh_host_dsa_key.pub.
[[0;32m  OK  [0m] Started Regular background program processing daemon.
         Starting Login Service...
[[0;32m  OK  [0m] Started Unattended Upgrades Shutdown.
         Starting LSB: MD monitoring daemon...
[[0;32m  OK  [0m] Started ACPI event daemon.
         Starting Pollinate to seed the pseudo random number generator...
         Starting LSB: Record successful boot for GRUB...
         Starting /etc/rc.local Compatibility...
         Starting Accounts Service...
         Starting Virtualbox guest utils...
[[0;32m  OK  [0m] Started D-Bus System Message Bus.
[   11.545787] cloud-init[938]: The key fingerprint is:
[   11.625514] cloud-init[938]: SHA256:v7GH7rHt3vb+OnqLrkoMP3whJEII9Je/DTCPp1vpjiA root@ubuntu-xenial
[   11.633845] cloud-init[938]: The key's randomart image is:
         Starting Snappy daemon...
[[0;32m  OK  [0m] Started Deferred execution scheduler.
[   11.653477] cloud-init[938]: +---[DSA 1024]----+
         Starting LXD - container startup/shutdown...
[   11.768240] cloud-init[938]: |oo ..            |
[   11.877382] [cloud-init[0;32m  OK  [0m[938]: ] |  o.  .          |Started System Logging Service.

[   11.936667] [cloud-init[0;32m  OK  [0m[938]: ] |   ..=. .        |Started /etc/rc.local Compatibility.

[[0;32m  OK  [0m] Started LXD - container startup/shutdown.
[   11.956683] cloud-init[938]: |    ..*o         |
[   11.966994] cloud-init[938]: |     ..=S .      |
[   11.974099] cloud-init[938]: |      o==o .     |
[   11.980575] cloud-init[938]: | E . . +*.=.     |
[   11.992603] cloud-init[938]: |  . . =. o.B.o+  |
[   12.002858] cloud-init[938]: |     o.o.+B*B++*=|
[   12.014030] cloud-init[938]: +----[SHA256]-----+
[   12.017301] cloud-init[938]: Generating public/private ecdsa key pair.
[   12.021773] cloud-init[938]: Your identification has been saved in /etc/ssh/ssh_host_ecdsa_key.
[   12.040538] [cloud-init[0;32m  OK  [0m[938]: ] Your public key has been saved in /etc/ssh/ssh_host_ecdsa_key.pub.Started Login to default iSCSI targets.

[[0;32m  OK  [0m] Started Snappy daemon.
[   12.042202] cloud-init[938]: The key fingerprint is:
[   12.077818] cloud-init[938]: SHA256:Y7VMy07C1kfRr/VzWkdPZnv2XQwZtZH3xlaKPmPovzU root@ubuntu-xenial
[   12.089875] cloud-init[938]: The key's randomart image is:
[   12.097977] cloud-init[938]: +---[ECDSA 256]---+
[   12.109486] cloud-init[938]: |            .. oo|
[   12.116354] cloud-init[938]: |             .o.=|
[   12.127001] cloud-init[938]: |          o .. B+|
[   12.180824] [[0;32m  OK  [0m] Started Login Service.
[[0;32m  OK  [0m] Started LSB: Record successful boot for GRUB.
cloud-init[938]: |       . * +. + %|
         Starting Authenticate and Authorize Users to Run Privileged Tasks...
         Starting Wait until snapd is fully seeded...
[[0;32m  OK  [0m] Reached target Remote File Systems (Pre).
[[0;32m  OK  [0m] Reached target Remote File Systems.
[   12.202472] cloud-init[938]: |        S Bo.  %+|
         Starting LSB: daemon to balance interrupts for SMP systems...
         Starting LSB: Set the CPU Frequency Scaling governor to "ondemand"...
[   12.264419] cloud-init[938]: |       o =..= .o@|
         Starting LSB: automatic crash report generation...
[   12.306614] cloud-init[938]: |         ... oE+O|
[   12.331100] cloud-init[938]: |          .  ...o|
[   12.341572] cloud-init[938]: |           .o.   |
         Starting Permit User Sessions...
[[0;32m  OK  [0m] Started LSB: MD monitoring daemon.
[[0;32m  OK  [0m] Started Permit User Sessions.
[[0;32m  OK  [0m] [   12.361253] cloud-init[938]: +----[SHA256]-----+
[   12.407383] cloud-init[938]: Generating public/private ed25519 key pair.
Started Authenticate and Authorize Users to Run Privileged Tasks.
[[0;32m  OK  [0m] Started Accounts Service.
[[0;32m  OK  [0m] Started Pollinate to seed the pseudo random number generator.
[[0;32m  OK  [0m] Started Virtualbox guest utils.
[   12.408651] cloud-init[938]: Your identification has been saved in /etc/ssh/ssh_host_ed25519_key.
[   12.594148]          Starting OpenBSD Secure Shell server...
cloud-init[938]: Your public key has been saved in /etc/ssh/ssh_host_ed25519_key.pub.
[   12.608881] cloud-init[938]: The key fingerprint is:
[   12.615308] cloud-init[938]: SHA256:LnNeiQ58mg9QQm6w6iB82UY6b/YaHmHTAPFTb+whVRU root@ubuntu-xenial
         Starting Hold until boot process finishes up...
         Starting Terminate Plymouth Boot Screen...
[   12.630740] cloud-init[938]: The key's randomart image is:
[   12.653778] cloud-init[938]: +--[ED25519 256]--+
[[0;32m  OK  [0m] Started OpenBSD Secure Shell server.
[[0;32m  OK  [0m] Started LSB: daemon to balance interrupts for SMP systems.
[[0;32m  OK  [0m] Started LSB: Set the CPU Frequency Scaling governor to "ondemand".
[[0;32m  OK  [0m] Started LSB: automatic crash report generation.
[[0;32m  OK  [0m] Started Hold until boot process finishes up.
[[0;32m  OK  [0m] Started Terminate Plymouth Boot Screen.
[   12.664374] cloud-init[938]: |  .oo  . ....E.  |
[[   12.867986] cloud-init[938]: |   =o . +        |
[   12.870528] cloud-init[938]: |  . +=.. =       |
[   12.870654] cloud-init[938]: |.. .=o+ + .      |
[   12.870739] cloud-init[938]: |+. =.* .S.       |
[   12.870808] cloud-init[938]: |+ . =oo. . .     |
[   12.870866] cloud-init[938]: | .   ** = o      |
[   12.870921] cloud-init[938]: |    + +% .       |
[   12.870977] cloud-init[938]: |     o+o+        |
[   12.871032] cloud-init[938]: +----[SHA256]-----+
[0;32m  OK  [0m] Started Getty on tty1.
         Starting Set console scheme...
[[0;32m  OK  [0m] Started Serial Getty on ttyS0.
[[0;32m  OK  [0m] Reached target Login Prompts.
[[0;32m  OK  [0m] Started Set console scheme.
[[0;32m  OK  [0m] Created slice User Slice of vagrant.
[[0;32m  OK  [0m] Started Session 1 of user vagrant.
         Starting User Manager for UID 1000...
[[0;32m  OK  [0m] Started User Manager for UID 1000.
[[0;32m  OK  [0m] Started Wait until snapd is fully seeded.
         Starting Apply the settings specified in cloud-config...
[[0;32m  OK  [0m] Reached target Multi-User System.
[[0;32m  OK  [0m] Reached target Graphical Interface.
         Starting Update UTMP about System Runlevel Changes...
[[0;32m  OK  [0m] Started Update UTMP about System Runlevel Changes.
         Stopping User Manager for UID 1000...
[[0;32m  OK  [0m] Stopped User Manager for UID 1000.
[[0;32m  OK  [0m] Removed slice User Slice of vagrant.
[[0;32m  OK  [0m] Created slice User Slice of vagrant.
         Starting User Manager for UID 1000...
[[0;32m  OK  [0m] Started Session 2 of user vagrant.
[[0;32m  OK  [0m] Started User Manager for UID 1000.
[   16.690606] cloud-init[1427]: Generating locales (this might take a while)...
[   17.594555] cloud-init[1427]:   en_US.UTF-8... done
[   17.598467] cloud-init[1427]: Generation complete.
[   18.130611] cloud-init[1427]: Cloud-init v. 18.3-9-g2e62cb8a-0ubuntu1~16.04.2 running 'modules:config' at Fri, 28 Sep 2018 08:26:39 +0000. Up 16.53 seconds.

Ubuntu 16.04.5 LTS ubuntu-xenial ttyS0

ubuntu-xenial login: ci-info: no authorized ssh keys fingerprints found for user ubuntu.
<14>Sep 28 08:26:41 ec2: 
<14>Sep 28 08:26:41 ec2: #############################################################
<14>Sep 28 08:26:41 ec2: -----BEGIN SSH HOST KEY FINGERPRINTS-----
<14>Sep 28 08:26:41 ec2: 1024 SHA256:v7GH7rHt3vb+OnqLrkoMP3whJEII9Je/DTCPp1vpjiA root@ubuntu-xenial (DSA)
<14>Sep 28 08:26:41 ec2: 256 SHA256:Y7VMy07C1kfRr/VzWkdPZnv2XQwZtZH3xlaKPmPovzU root@ubuntu-xenial (ECDSA)
<14>Sep 28 08:26:41 ec2: 256 SHA256:LnNeiQ58mg9QQm6w6iB82UY6b/YaHmHTAPFTb+whVRU root@ubuntu-xenial (ED25519)
<14>Sep 28 08:26:41 ec2: 2048 SHA256:/BD8qLIbkX96CWK2amDIOli3oaAQkOqqkmNwZPCObzA root@ubuntu-xenial (RSA)
<14>Sep 28 08:26:41 ec2: -----END SSH HOST KEY FINGERPRINTS-----
<14>Sep 28 08:26:41 ec2: #############################################################
-----BEGIN SSH HOST KEY KEYS-----
ecdsa-sha2-nistp256 AAAAE2VjZHNhLXNoYTItbmlzdHAyNTYAAAAIbmlzdHAyNTYAAABBBAAjxtiQkbBuewyZg7v9ZrYXDkIHxU+aTg21WDnWluxhdbDYagfrLlUDcIOstCN3o0QAlFViLWkGfNaBEgH8jY0= root@ubuntu-xenial
ssh-ed25519 AAAAC3NzaC1lZDI1NTE5AAAAIBaC9Us9nR4t2JP+VgcksP6T+yz7sYT4REDcVlG3ki0c root@ubuntu-xenial
ssh-rsa AAAAB3NzaC1yc2EAAAADAQABAAABAQCwe+u2yT4v8lsX+L/EDaRLt61FkAd8Poigl9uSYDSodcz94PkftZknXtjM84fGj+rDbpv4Nd5zAiWZ6JNR23cFwQ7tniRJnU3KJ4w1OFIrvbC5oxpS/S8oiyfuDZShaDYC72QvBs5s0zatXK5IqSjWWkrqrZl+jIwracrNu690zpULIuKur/6LTdFgBHhV2KmV6OGx7gtNudDH6MRL0tirPT3MVZU16BM1MqxpWZFZGUHizm3egxnIiSToiGieZRaCGQHu+0CqE36mZGVOHSKVtB/GDpK/C5UuQs7oVIm2NV/rTBBPZ2SjAlbTL7tKLS/+Bd88xZVziaMuopakjXJ3 root@ubuntu-xenial
-----END SSH HOST KEY KEYS-----
[   19.158339] cloud-init[1697]: Cloud-init v. 18.3-9-g2e62cb8a-0ubuntu1~16.04.2 running 'modules:final' at Fri, 28 Sep 2018 08:26:41 +0000. Up 18.73 seconds.
[   19.158565] cloud-init[1697]: ci-info: no authorized ssh keys fingerprints found for user ubuntu.
[   19.158700] cloud-init[1697]: Cloud-init v. 18.3-9-g2e62cb8a-0ubuntu1~16.04.2 finished at Fri, 28 Sep 2018 08:26:41 +0000. Datasource DataSourceNoCloud [seed=/dev/sdb][dsmode=net].  Up 19.14 seconds
